totalCells: 72
completedCells: 72
solutionCost: 15
timeOfLastSolution: '2023-01-02 20:19:24.699553'
unfilledCell: Complete
busyReasons: {}
penalties:
- - 5
  - carme té altres 1 persones amb telèfon a la mateixa taula a 2a hora del dl
- - 5
  - carme té altres 1 persones amb telèfon a la mateixa taula a 2a hora del dx
- - 5
  - carme té altres 1 persones amb telèfon a la mateixa taula a 2a hora del dv
