totalCells: 120
completedCells: 120
solutionCost: 0
unfilledCell: Complete
busyReasons: {}
penalties: []
