week: '2019-10-28'
days:
- dl
- dm
- dx
- dj
- dv
hours:
- 09:00
- '10:15'
- '11:30'
- '12:45'
- '14:00'
turns:
- L1
- L2
- L3
- L4
- L5
- L6
timetable:
  dl:
  - - albertg
    - aram
    - marc
    - otilia
    - roger
    - rogerlf
  - - annab
    - carme
    - gemma
    - judit
    - monicag
    - nuria
  - - joanm
    - manel
    - mar
    - marta
    - vane
    - vic
  - - albert
    - eloi
    - guifre
    - merce
    - pau
    - vero
  dm:
  - - carme
    - gemma
    - judit
    - maite
    - monica
    - rogerlf
  - - adria
    - albertg
    - judith
    - mariona
    - otilia
    - tania
  - - aram
    - joanm
    - lucia
    - marta
    - merce
    - olga
  - - albert
    - maria
    - monicag
    - nuria
    - roger
    - vane
  dx:
  - - adria
    - aram
    - carme
    - olga
    - roger
    - rogerlf
  - - annab
    - eloi
    - guifre
    - joan
    - lucia
    - silvia
  - - gabriel
    - merce
    - monicag
    - otilia
    - sergi
    - yaiza
  - - joanm
    - manel
    - mar
    - nuria
    - tania
    - vero
  dj:
  - - carol
    - gemma
    - mariona
    - monica
    - olga
    - rogerlf
  - - albertg
    - erola
    - guifre
    - mar
    - nuria
    - vic
  - - aram
    - joanb
    - merce
    - monicag
    - vane
    - victor
  - - adria
    - maria
    - otilia
    - pau
    - vero
    - yaiza
  dv:
  - - albertg
    - annab
    - gemma
    - maite
    - olga
    - otilia
  - - ana
    - eloi
    - nuria
    - silvia
    - vane
    - victor
  - - adria
    - joanm
    - mar
    - merce
    - monicag
    - rogerlf
  - - carme
    - guifre
    - judith
    - roger
    - sergi
    - vero
colors:
  marc: fbe8bc
  eduard: d8b9c5
  pere: f200ff
  david: ffb300
  carles: c98e98
  marta: eb9481
  monica: 7fada0
  yaiza: ffffff
  erola: 876dd8
  manel: ff0084
  tania: c8abf4
  judit: e781e8
  silvia: 8097b8
  joan: fae080
  ana: ff6600
  victor: ff3233
  judith: 00ff00
  lucia: 9f24c2
  sergi: 8cf2df
  vic: 164aff
  mariona: '813400'
  gabriel: ffff00
  maite: 007877
  ningu: ffffff
  joanb: 8af47d
  maria: 00594d
  pau: e6f214
  carol: 94c703
  undefined: ddeeff
  viktu: ddeeff
  albert: f4f4f4
  oriol: a52513
  fran: 621bf1
  miguelanxo: 00b986
  belen: 2892ff
  fcasadella: 10ee30
  salome: 00adff
  nuri: 17ef6f
  fcots: ff5a60
  annarodon: 009e7d
  alberto: 0074f0
  juanpe: ddeeff
  olga: ddeeff
  mar: 00ffff
  joanm: 2d93f2
  roger: 367c0f
  vane: bd00ff
  eloi: 9baec4
  annab: c1f3d7
  vero: ff0048
  projectes: ffffe7
  jordi: 2756ff
  xavi: ddeeff
  joana: c9ec80
  rogerlf: 00517d
  gemma: a6ba8c
  aram: 614d02
  benjami: 53ff14
  guifre: ff000e
  nuria: 00662a
  carme: 0000ff
  merce: f5447f
  albertg: fcdc05
  adria: b68f2f
  monicag: f44c3b
  otilia: 96b0ff
  contestado: 333c3a
  alex: ce6108
  javi: 79eeff
  albertsimo: cc00ff
  clara: 602fa7
  jaume: 5afc9c
  cesar: ffffee
extensions:
  marta: '3040'
  monica: '3041'
  manel: '3042'
  erola: '3043'
  yaiza: '3044'
  eduard: '3051'
  marc: '3046'
  judit: '3047'
  tania: '3183'
  carles: '3045'
  pere: '3052'
  fran: '3008'
  david: '3054'
  silvia: '3055'
  joan: '3056'
  judith: '3057'
  ana: '3181'
  victor: '3182'
  lucia: '3184'
  vic: '3185'
  sergi: '3186'
  maite: '3187'
  gabriel: '3188'
  mariona: '3189'
  joanb: '3195'
  maria: '3039'
  pau: '3048'
  carol: '3049'
  viktu: '3006'
  albert: '3038'
  oriol: '3089'
  miguelanxo: '3194'
  belen: '3385'
  fcasadella: '3002'
  salome: '3003'
  nuri: '3889'
  fcots: '3015'
  annarodon: '3197'
  alberto: '3011'
  juanpe: '0000'
  olga: '3088'
  mar: '3087'
  joanm: '3086'
  roger: '3085'
  vane: '3084'
  eloi: '3083'
  annab: '3082'
  vero: '3081'
  jordi: '3004'
  xavi: '3009'
  joana: '4001'
  rogerlf: '2902'
  gemma: '2903'
  aram: '2905'
  benjami: '3012'
  guifre: '2911'
  nuria: '2909'
  carme: '2904'
  merce: '2908'
  albertg: '2901'
  adria: '2907'
  monicag: '2906'
  otilia: '2910'
  contestado: '3193'
  alex: '3050'
  javi: '3383'
  albertsimo: '3013'
  clara: '3014'
  jaume: '3196'
names:
  silvia: Sílvia
  monica: Mònica
  tania: Tània
  cesar: César
  victor: VíctorNA
  lucia: Lucía
  joanb: JoanB
  ningu: '-'
  joan: Joan
  carol: Càrol
  miguelanxo: MiguelAnxo
  belen: Belén
  fcasadella: FrancescCasadellà
  fcots: FrancescCots
  annarodon: AnnaRodon
  juanpe: Juanpe
  joanm: JoanM
  annab: Anna B
  eloi: 'Eloi '
  projectes: PROJECTES
  jordi: JordiP
  xavi: XaviDolz
  david: David G.
  salome: Salomé
  rogerlf: RogerLF
  guifre: Guifré
  merce: Mercè
  adria: Adrià
  monicag: Mònica G
  albertg: Albert GS
  albert: Albert M
  otilia: 'Otilia '
  nuria: Núria
  contestado: '>>>CONTESTADOR<<<'
  albertsimo: AlbertSi
  jaume: JaumeA
overload:
  adria: -1.0
  albert: -1.0
  albertg: -1.0
  ana: -1.0
  annab: -1.0
  aram: -1.0
  carles: -1.0
  carme: -1.0
  carol: -1.0
  eduard: -1.0
  eloi: -1.0
  erola: -1.0
  gabriel: -1.0
  gemma: -1.0
  guifre: -1.0
  joan: -1.0
  joanb: -1.0
  joanm: 0.0
  judit: 0.0
  judith: 0.0
  lucia: 0.0
  maite: 0.0
  manel: 0.0
  mar: 0.0
  marc: 0.0
  maria: 0.0
  mariona: 0.0
  marta: 0.0
  merce: 0.0
  monica: 0.0
  monicag: 0.0
  nuria: 0.0
  olga: 0.0
  otilia: 0.0
  pau: 0.0
  roger: 0.0
  rogerlf: 0.0
  sergi: 0.0
  silvia: 0.0
  tania: 0.0
  vane: 0.0
  vero: 0.0
  vic: 0.0
  victor: 0.0
  yaiza: 0.0
penalties: []
cost: 0
log: []
