<!doctype html>
<html>
<head>
<meta charset='utf-8' />
<style>
h1 {
    color: #560;
}
td, th {
	border:1px solid black;
	width: 8em;
	text-align: center;
}
td:empty { border:0;}
td { padding: 1ex;}
.extensions { width: 60%;}
.extension {
	display: inline-block;
	padding: 1ex 0ex;
	width: 14%;
	text-align: center;
	margin: 2pt 0pt;
	border: 1pt solid black;
	height: 100%;
}
.paused { background-color: #ffffff; }

</style>
</head>
<body>
<h1>Setmana 2022-07-11</h1><table>
<tr><td></td><th colspan=4>dl</th><td></td><th colspan=4>dm</th><td></td><th colspan=4>dx</th><td></td><th colspan=4>dj</th><td></td><th colspan=4>dv</th></tr>
<tr><td></td><th>L1</th><th>L2</th><th>L3</th><th>L4</th><td></td><th>L1</th><th>L2</th><th>L3</th><th>L4</th><td></td><th>L1</th><th>L2</th><th>L3</th><th>L4</th><td></td><th>L1</th><th>L2</th><th>L3</th><th>L4</th><td></td><th>L1</th><th>L2</th><th>L3</th><th>L4</th></tr>
<tr><th>09:00-10:15</th>
<td class='festiu'>Festiu</td>
<td class='festiu'>Festiu</td>
<td class='festiu'>Festiu</td>
<td class='festiu'>Festiu</td>
<td>&nbsp;</td>
<td class='kate'>Kate</td>
<td class='hellen'>Hellen</td>
<td class='irma'>Irma</td>
<td class='ningu'>Ningu</td>
<td>&nbsp;</td>
<td class='festiu'>Festiu</td>
<td class='festiu'>Festiu</td>
<td class='festiu'>Festiu</td>
<td class='festiu'>Festiu</td>
<td>&nbsp;</td>
<td class='barbara'>Barbara</td>
<td class='alice'>Alice</td>
<td class='diana'>Diana</td>
<td class='gemma'>Gemma</td>
<td>&nbsp;</td>
<td class='festiu'>Festiu</td>
<td class='festiu'>Festiu</td>
<td class='festiu'>Festiu</td>
<td class='festiu'>Festiu</td>
</tr>
<tr><th>10:15-11:30</th>
<td class='festiu'>Festiu</td>
<td class='festiu'>Festiu</td>
<td class='festiu'>Festiu</td>
<td class='festiu'>Festiu</td>
<td>&nbsp;</td>
<td class='ningu'>Ningu</td>
<td class='mary'>Mary</td>
<td class='ningu'>Ningu</td>
<td class='jolie'>Jolie</td>
<td>&nbsp;</td>
<td class='festiu'>Festiu</td>
<td class='festiu'>Festiu</td>
<td class='festiu'>Festiu</td>
<td class='festiu'>Festiu</td>
<td>&nbsp;</td>
<td class='felicity'>Felicity</td>
<td class='alice'>Alice</td>
<td class='diana'>Diana</td>
<td class='gemma'>Gemma</td>
<td>&nbsp;</td>
<td class='festiu'>Festiu</td>
<td class='festiu'>Festiu</td>
<td class='festiu'>Festiu</td>
<td class='festiu'>Festiu</td>
</tr>
<tr><th>11:30-12:45</th>
<td class='festiu'>Festiu</td>
<td class='festiu'>Festiu</td>
<td class='festiu'>Festiu</td>
<td class='festiu'>Festiu</td>
<td>&nbsp;</td>
<td class='liza'>Liza</td>
<td class='ningu'>Ningu</td>
<td class='ningu'>Ningu</td>
<td class='petra'>Petra</td>
<td>&nbsp;</td>
<td class='festiu'>Festiu</td>
<td class='festiu'>Festiu</td>
<td class='festiu'>Festiu</td>
<td class='festiu'>Festiu</td>
<td>&nbsp;</td>
<td class='kate'>Kate</td>
<td class='hellen'>Hellen</td>
<td class='irma'>Irma</td>
<td class='jolie'>Jolie</td>
<td>&nbsp;</td>
<td class='festiu'>Festiu</td>
<td class='festiu'>Festiu</td>
<td class='festiu'>Festiu</td>
<td class='festiu'>Festiu</td>
</tr>
<tr><th>12:45-14:00</th>
<td class='festiu'>Festiu</td>
<td class='festiu'>Festiu</td>
<td class='festiu'>Festiu</td>
<td class='festiu'>Festiu</td>
<td>&nbsp;</td>
<td class='liza'>Liza</td>
<td class='noel'>Noel</td>
<td class='olivia'>Olivia</td>
<td class='petra'>Petra</td>
<td>&nbsp;</td>
<td class='festiu'>Festiu</td>
<td class='festiu'>Festiu</td>
<td class='festiu'>Festiu</td>
<td class='festiu'>Festiu</td>
<td>&nbsp;</td>
<td class='liza'>Liza</td>
<td class='mary'>Mary</td>
<td class='olivia'>Olivia</td>
<td class='ningu'>Ningu</td>
<td>&nbsp;</td>
<td class='festiu'>Festiu</td>
<td class='festiu'>Festiu</td>
<td class='festiu'>Festiu</td>
<td class='festiu'>Festiu</td>
</tr>
</table><h3>Penalitzacions</h3>
<p>Penalitzacio: 15</p>
<ul>
<li>1: alice té més de 1 hores el dj</li>
<li>1: diana té més de 1 hores el dj</li>
<li>1: gemma té més de 1 hores el dj</li>
<li>1: ningu té més de 1 hores el dm</li>
<li>2: ningu té més de 2 hores el dm</li>
<li>3: ningu té més de 3 hores el dm</li>
<li>4: ningu té més de 4 hores el dm</li>
<li>1: liza té més de 1 hores el dm</li>
<li>1: petra té més de 1 hores el dm</li>
</ul>
<h3>Extensions</h3>
<div class="extensions">

</div><div class="extensions">
<div class="extension gijsbert">Inalàmbric<br/>3385</div>
<div class="extension recepcio">Recepcio<br/>3405</div>
<div class="extension contestador">Contestador<br/>3193</div>
</div>
<h3>Recordatori desviaments</h3>
<ul>
<li>*60 Immediat</li>
<li>*63 Ocupat o no responem</li>
<li>*64 Treure desviaments</li>
<li>*90 Marcar número</li>
</ul>
</body>
</html>