alice: 0.4
barbara: -0.2
carol: -0.4
diana: -0.4
elith: 0.0
felicity: 0.2
gemma: 0.4
hellen: 0.0
irma: 0.0
jolie: -0.4
kate: 0.4
liza: 0.2
mary: 0.4
noel: -0.2
olivia: 0.4
petra: 0.4
