adria: 5.0
albertg: 5.0
aram: 0.0
gemma: 5.0
guifre: 5.0
carme: 5.0
merce: 5.0
monicag: 5.0
nuria: 5.0
otilia: 5.0
rogerlf: 5.0
eloi: 0.0
roger: 4.0
mar: 4.0
olga: 4.0
annab: 4.0
joanm: 4.0
vane: 4.0
vero: 4.0
albert: 3.0
carol: 1.2
maria: 2.0
pau: 2.0
joanb: 0.0
maite: 0.0
gabriel: 2.0
mariona: 2.0
sergi: 2.0
lucia: 0.0
vic: 2.0
victor: 0.0
ana: 0.0
judith: 2.0
joan: 2.0
silvia: 2.0
manel: 2.0
tania: 2.0
monica: 2.0
yaiza: 2.0
marta: 1.6
erola: 2.0
judit: 0.0
eduard: 0.0
carles: 1.0
marc: 1.0
