<!doctype html>
<html>
<head>
<meta charset='utf-8' />
<style>
h1 {
    color: #560;
}
td, th {
	border:1px solid black;
	width: 8em;
	text-align: center;
}
td:empty { border:0;}
td { padding: 1ex;}
.extensions { width: 60%;}
.extension {
	display: inline-block;
	padding: 1ex 0ex;
	width: 14%;
	text-align: center;
	margin: 2pt 0pt;
	border: 1pt solid black;
	height: 100%;
}
.paused { background-color: #ffffff; }

</style>
</head>
<body>
<h1>Setmana 2022-07-11</h1><table>
<tr><td></td><th colspan=2>dl</th><td></td><th colspan=2>dm</th><td></td><th colspan=2>dx</th><td></td><th colspan=2>dj</th><td></td><th colspan=2>dv</th></tr>
<tr><td></td><th>L1</th><th>L2</th><td></td><th>L1</th><th>L2</th><td></td><th>L1</th><th>L2</th><td></td><th>L1</th><th>L2</th><td></td><th>L1</th><th>L2</th></tr>
<tr><th>09:00-10:15</th>
<td class='ningu'>Ningu</td>
<td class='ningu'>Ningu</td>
<td>&nbsp;</td>
<td class='jolie'>Jolie</td>
<td class='liza'>Liza</td>
<td>&nbsp;</td>
<td class='ningu'>Ningu</td>
<td class='ningu'>Ningu</td>
<td>&nbsp;</td>
<td class='liza'>Liza</td>
<td class='mary'>Mary</td>
<td>&nbsp;</td>
<td class='ningu'>Ningu</td>
<td class='ningu'>Ningu</td>
</tr>
<tr><th>10:15-11:30</th>
<td class='ningu'>Ningu</td>
<td class='ningu'>Ningu</td>
<td>&nbsp;</td>
<td class='alice'>Alice</td>
<td class='diana'>Diana</td>
<td>&nbsp;</td>
<td class='ningu'>Ningu</td>
<td class='ningu'>Ningu</td>
<td>&nbsp;</td>
<td class='mary'>Mary</td>
<td class='noel'>Noel</td>
<td>&nbsp;</td>
<td class='ningu'>Ningu</td>
<td class='ningu'>Ningu</td>
</tr>
<tr><th>11:30-12:45</th>
<td class='ningu'>Ningu</td>
<td class='ningu'>Ningu</td>
<td>&nbsp;</td>
<td class='gemma'>Gemma</td>
<td class='hellen'>Hellen</td>
<td>&nbsp;</td>
<td class='ningu'>Ningu</td>
<td class='ningu'>Ningu</td>
<td>&nbsp;</td>
<td class='olivia'>Olivia</td>
<td class='petra'>Petra</td>
<td>&nbsp;</td>
<td class='ningu'>Ningu</td>
<td class='ningu'>Ningu</td>
</tr>
<tr><th>12:45-14:00</th>
<td class='ningu'>Ningu</td>
<td class='ningu'>Ningu</td>
<td>&nbsp;</td>
<td class='irma'>Irma</td>
<td class='kate'>Kate</td>
<td>&nbsp;</td>
<td class='ningu'>Ningu</td>
<td class='ningu'>Ningu</td>
<td>&nbsp;</td>
<td class='olivia'>Olivia</td>
<td class='petra'>Petra</td>
<td>&nbsp;</td>
<td class='ningu'>Ningu</td>
<td class='ningu'>Ningu</td>
</tr>
</table><h3>Penalitzacions</h3>
<p>Penalitzacio: 16</p>
<ul>

</ul>
<h3>Extensions</h3>
<div class="extensions">

</div></body>
</html>