adria: 1.0
albert: 1.0
albertg: 1.0
ana: 0.0
annab: 1.0
aram: 0.0
carles: 1.0
carme: 1.0
carol: -0.2
eduard: 0.0
eloi: 0.0
erola: 0.0
gabriel: 0.0
gemma: 0.0
guifre: 0.0
joan: 0.0
joanb: 0.0
joanm: 0.0
judit: 0.0
judith: 0.0
lucia: 0.0
maite: 0.0
manel: 0.0
mar: 0.0
marc: 0.0
maria: 0.0
mariona: 0.0
marta: 0.4
merce: 0.0
monica: 0.0
monicag: 0.0
nuria: 0.0
olga: 0.0
otilia: 0.0
pau: 0.0
roger: 0.0
rogerlf: 0.0
sergi: 0.0
silvia: 0.0
tania: 0.0
vane: 0.0
vero: 0.0
vic: 0.0
victor: 0.0
yaiza: 0.0
