alice	1	0
barbara	0	0
carol	0	0
diana	0	1
elith	0	0
felicity	0	0
gemma	1	0
hellen	0	1
irma	1	0
jolie	0	1
kate	1	0
liza	2	0
mary	0	2
ningu	0	0
noel	0	1
olivia	2	0
petra	0	2