alice: 1.6
barbara: 1.2
carol: 0.4
diana: 2.4
elith: 0.0
felicity: 0.8
gemma: 1.6
hellen: 2.0
irma: 2.0
jolie: 2.4
kate: 1.6
liza: 2.8
mary: 1.6
noel: 1.2
olivia: 1.6
petra: 1.6
