alice: 1
barbara: 0
carol: 0
diana: 1
elith: 0
felicity: 0
gemma: 1
hellen: 1
irma: 1
jolie: 1
kate: 1
liza: 2
mary: 2
noel: 1
olivia: 2
petra: 2
