adria: 6
albert: 4
albertg: 6
ana: 0
annab: 5
aram: 0
carles: 2
carme: 6
carol: 1
eduard: 0
eloi: 0
erola: 2
gabriel: 2
gemma: 5
guifre: 5
joan: 2
joanb: 0
joanm: 4
judit: 0
judith: 2
lucia: 0
maite: 0
manel: 2
mar: 4
marc: 1
maria: 2
mariona: 2
marta: 2
merce: 5
monica: 2
monicag: 5
nuria: 5
olga: 4
otilia: 5
pau: 2
roger: 4
rogerlf: 5
sergi: 2
silvia: 2
tania: 2
vane: 4
vero: 4
vic: 2
victor: 0
yaiza: 2
