totalCells: 16
completedCells: 16
solutionCost: 0
timeOfLastSolution: '2022-07-12 14:05:38.581038'
unfilledCell: Complete
busyReasons: {}
