totalCells: 32
completedCells: 32
solutionCost: 85
timeOfLastSolution: '2023-01-02 20:19:19.835859'
unfilledCell: Complete
busyReasons: {}
penalties:
- - 1
  - alice té més de 1 hores el dj
- - 1
  - diana té més de 1 hores el dj
- - 1
  - gemma té més de 1 hores el dj
- - 10
  - Hi ha 1 torns buits a 4a hora del dj
- - 10
  - Hi ha 1 torns buits a 1a hora del dm
- - 10
  - Hi ha 1 torns buits a 2a hora del dm
- - 1
  - ningu té més de 1 hores el dm
- - 20
  - Hi ha 2 torns buits a 2a hora del dm
- - 2
  - ningu té més de 2 hores el dm
- - 10
  - Hi ha 1 torns buits a 3a hora del dm
- - 3
  - ningu té més de 3 hores el dm
- - 1
  - liza té més de 1 hores el dm
- - 10
  - Hi ha 1 torns buits a 4a hora del dm
- - 4
  - ningu té més de 4 hores el dm
- - 1
  - olivia té més de 1 hores el dm
