week: '2022-07-11'
days:
- dl
- dm
- dx
- dj
- dv
hours:
- 09:00
- '10:15'
- '11:30'
- '12:45'
- '14:00'
turns:
- L1
- L2
timetable:
  dl:
  - - ningu
    - ningu
  - - ningu
    - ningu
  - - ningu
    - ningu
  - - ningu
    - ningu
  dm:
  - - jolie
    - liza
  - - alice
    - diana
  - - gemma
    - hellen
  - - irma
    - kate
  dx:
  - - ningu
    - ningu
  - - ningu
    - ningu
  - - ningu
    - ningu
  - - ningu
    - ningu
  dj:
  - - liza
    - mary
  - - mary
    - noel
  - - olivia
    - petra
  - - olivia
    - petra
  dv:
  - - ningu
    - ningu
  - - ningu
    - ningu
  - - ningu
    - ningu
  - - ningu
    - ningu
colors: {}
extensions: {}
names: {}
overload: {}
penalties: []
cost: 16
log: []
