alice: 2
barbara: 1
carol: 0
diana: 2
elith: 0
felicity: 1
gemma: 2
hellen: 2
irma: 2
jolie: 2
kate: 2
liza: 3
mary: 2
noel: 1
olivia: 2
petra: 2
ningu: 6
