alice	0	2	0	0
barbara	1	0	0	0
carol	0	0	0	0
diana	0	0	2	0
elith	0	0	0	0
felicity	1	0	0	0
gemma	0	0	0	2
hellen	0	2	0	0
irma	0	0	2	0
jolie	0	0	0	2
kate	2	0	0	0
liza	3	0	0	0
mary	0	2	0	0
ningu	1	1	2	2
noel	0	1	0	0
olivia	0	0	2	0
petra	0	0	0	2