week: '2023-08-07'
days:
- dl
- dm
- dx
- dj
- dv
hours:
- 09:00
- '10:15'
- '11:30'
- '12:45'
- '14:00'
turns:
- L1
- L2
- L3
- L4
- L5
timetable:
  dl:
  - - aram
    - mar
    - reservae
    - tanias
    - vic
  - - anaperez
    - cire
    - martac
    - olga
    - yolanda
  - - adria
    - joanb
    - nuria
    - sule
    - tania
  - - erika
    - merce
    - montser
    - reservac
    - sergivazqu
  dm:
  - - judit
    - reservac
    - reservad
    - tanias
    - ningu
  - - cire
    - erika
    - mar
    - olga
    - sule
  - - anaperez
    - carmen
    - herminia
    - martafarre
    - reservae
  - - adria
    - eloi
    - joanb
    - mariona
    - reservaf
  dx:
  - - andrea
    - annab
    - berta
    - nuriapuigvert
    - reservac
  - - albert
    - anaperez
    - maria
    - sergivazqu
    - tanias
  - - albert
    - bernat
    - maria
    - meritxell
    - nuria
  - - aram
    - marcm
    - mariona
    - reservad
    - yolanda
  dj:
  - - annab
    - berta
    - judith
    - meritxello
    - reservac
  - - anaperez
    - cesc
    - herminia
    - merce
    - tanias
  - - carmen
    - eloi
    - joel
    - martafarre
    - vane
  - - marcm
    - martac
    - montser
    - tania
    - ningu
  dv:
  - - claran
    - judith
    - manel
    - meritxello
    - yaiza
  - - manel
    - meritxell
    - reservac
    - reservae
    - yaiza
  - - andrea
    - cesc
    - davidb
    - joel
    - tanias
  - - anaperez
    - bernat
    - davidb
    - vane
    - vic
colors:
  marc: fbe8bc
  eduard: d8b9c5
  david: ffb500
  carles: c9d659
  marta: eb9481
  monica: 7fada0
  yaiza: ffffff
  erola: 876dd8
  manel: '000000'
  tania: 59062d
  judit: e781e8
  silvia: 8097b8
  victor: ff3233
  judith: 00ff00
  lucia: 9f24c2
  sergi: 8cf2df
  vic: 164aff
  mariona: '813400'
  gabriel: ffff00
  maite: 007877
  ningu: ffffff
  joanb: 8af47d
  maria: 00594d
  carol: 6f9500
  undefined: ddeeff
  albert: f4f4f4
  annarodon: 009e7d
  olga: ddeeff
  mar: 00ffff
  vane: bd00ff
  eloi: b2c3d4
  annab: c1f3d7
  vero: ff0048
  jordi: 2756ff
  xavi: ddeeff
  joana: c9ec80
  rogerlf: 00517d
  gemma: a6ba8c
  aram: 614d02
  nuria: 00662a
  carme: 0000ff
  merce: f5447f
  albertg: fcdc05
  adria: b68f2f
  monicag: f44c3b
  otilia: 96b0ff
  alex: ce6108
  javi: 79eeff
  herminia: e82cdc
  cire: 994a00
  cesc: 6fff1e
  berta: 50a65c
  yolanda: ddeeff
  joel: 00a28a
  polmonso: 85bb67
  oriolcampo: ddeeff
  israel: ddeeff
  reservaa: aaff88
  reservab: aaff88
  reservac: aa9c88
  reservad: aa6488
  reservae: 40ff88
  reservaf: aaffd1
  reservag: aaff88
  martac: ffff5d
  marcm: 0033aa
  bernat: ff0000
  davidb: 4cbbe2
  sergiv: ff5a00
  andrea: e77d00
  carmen: 76b485
  mariana: a7f9ff
  sule: ddeeff
  sergivazqu: ffb24c
  meritxell: dd673f
  lidia: bf75c5
  martafarre: c7ff3c
  melania: ddeeff
  meritxello: 75f6cf
  annaserra: 5b1591
  claran: 41ffff
  montser: ffff9b
  erika: ff6b4c
  annap: 00d49d
  nuriapuigvert: 2277c4
  jairo: ddeeff
  jaume: ddeeff
  naiara: ddeeff
  joanagomis: 72001d
  anaperez: d8d7ff
  joansarola: ddeeff
  annaoller: ddeeff
  tanias: ddeeff
  juditj: ddeeff
  mariabouza: 09b2b2
  javicalzado: ddeeff
extensions:
  albertg: '100'
  manel: '122'
  marta: '128'
  monica: '129'
  erola: '112'
  yaiza: '133'
  eduard: '183'
  marc: '145'
  judit: '157'
  tania: '134'
  carles: '146'
  david: '153'
  silvia: '131'
  judith: '142'
  victor: '156'
  lucia: '141'
  vic: '136'
  sergi: '109'
  maite: '147'
  gabriel: '148'
  mariona: '101'
  joanb: '116'
  maria: '121'
  carol: '123'
  albert: '137'
  annarodon: '165'
  olga: '113'
  mar: '126'
  vane: '125'
  eloi: '111'
  annab: '140'
  vero: '149'
  jordi: '184'
  xavi: '155'
  joana: '152'
  rogerlf: '127'
  gemma: '120'
  aram: '144'
  cesc: '115'
  nuria: '135'
  carme: '110'
  merce: '124'
  adria: '105'
  monicag: '119'
  otilia: '104'
  javi: '168'
  herminia: '108'
  cire: '103'
  berta: '107'
  yolanda: '118'
  joel: '132'
  polmonso: '151'
  israel: '159'
  andrea: '158'
  sergiv: '160'
  davidb: '161'
  bernat: '162'
  marcm: '163'
  martac: '164'
  carmen: '166'
  mariana: '167'
  reservaa: '169'
  reservab: '170'
  reservac: '171'
  reservad: '172'
  reservae: '173'
  reservaf: '174'
  reservag: '175'
  sule: '176'
  sergivazqu: '179'
  oriolcampo: '180'
  meritxell: '181'
  alex: '182'
  lidia: '185'
  martafarre: '186'
  melania: '187'
  meritxello: '188'
  annaserra: '189'
  claran: '190'
  montser: '192'
  erika: '193'
  annap: '194'
  nuriapuigvert: '191'
  jairo: '195'
  jaume: '196'
  naiara: '197'
  joanagomis: '114'
  anaperez: '117'
  joansarola: '198'
  annaoller: '102'
  tanias: '199'
  juditj: '177'
  mariabouza: '200'
  javicalzado: '178'
names:
  silvia: Sílvia
  monica: Mònica
  tania: Tània
  victor: VíctorNA
  lucia: Lucía
  joanb: Joan B
  ningu: '-'
  carol: Càrol
  annarodon: Anna R
  annab: Anna B
  jordi: JordiP
  xavi: XaviDolz
  david: David G.
  rogerlf: RogerLF
  merce: Mercè
  adria: Adrià
  monicag: Mònica G
  albertg: Albert GS
  albert: Albert M
  otilia: Otilia
  nuria: Núria
  herminia: Hermi
  polmonso: Pol
  cesc: Cesc
  oriolcampo: Oriol Campo
  israel: Israel del Pino
  reservaa: Escoltes
  reservab: Escoltes2
  reservac: Factura
  reservad: Cobraments
  reservae: Contractes
  reservaf: Coord.Comer
  reservag: Nuria Iglesias
  martac: Marta C
  marcm: Marc M
  bernat: Bernat
  davidb: David B
  sergiv: SergiVilar
  andrea: Andrea
  carmen: Carmen H
  sergivazqu: Sergi Va
  meritxell: Txell
  lidia: Lídia
  martafarre: Marta Farré
  melania: Melania Galán
  meritxello: Txell O
  annaserra: Anna Serra
  claran: Clara Nualart
  montser: Montse Ribas
  erika: 'Erika '
  annap: Anna Parera
  nuriapuigvert: Núria P
  joanagomis: Joana Gomis
  anaperez: Ana PML
  joansarola: Joan Sarola
  tanias: Tània Sànchez
  juditj: Judit Julià
  mariabouza: Maria Bouza
overload:
  adria: 0.0
  albert: 0.0
  albertg: 0.0
  anaperez: 0.0
  andrea: 0.0
  annab: 0.0
  annap: 0.0
  annaserra: 0.0
  aram: 0.0
  bernat: 0.0
  berta: 0.0
  carles: 0.0
  carme: 0.0
  carmen: 0.0
  carol: 0.0
  cesc: 0.0
  cire: 0.0
  claran: 0.2
  davidb: 0.0
  eduard: 0.0
  eloi: 0.4
  erika: 0.4
  erola: 0.0
  gabriel: 0.0
  gemma: 0.0
  herminia: 0.0
  jaume: 0.0
  joan: 0.0
  joanagomis: 0.0
  joanb: 0.0
  joanm: 0.0
  joel: 0.0
  judit: 0.2
  judith: 0.0
  lidia: 0.0
  maite: 0.0
  manel: 0.0
  mar: 0.0
  marc: 0.0
  marcm: 0.4
  maria: 0.4
  mariabouza: 0.0
  mariona: 0.0
  marta: 0.0
  martac: 0.0
  martafarre: 0.0
  melania: 0.0
  merce: 0.0
  meritxell: 0.0
  meritxello: 0.0
  monica: 0.0
  monicag: 0.0
  montser: 0.0
  nuria: 0.0
  nuriapuigvert: -0.2
  olga: 0.0
  otilia: 0.0
  reservac: 0.0
  reservad: 0.0
  reservae: 0.0
  reservaf: 0.0
  roger: 0.0
  rogerlf: 0.0
  sergiv: 0.0
  sergivazqu: 0.0
  silvia: 0.0
  sule: 0.0
  tania: 0.4
  tanias: 0.0
  vane: 0.0
  vero: 0.0
  vic: 0.0
  yaiza: 0.0
  yolanda: 0.0
penalties:
- - 100
  - '1 forats a dm 09:00 '
- - 100
  - '1 forats a dj 12:45 '
- - 50
  - dl 11:30 Torn fix no col·locat de nuriapuigvert
- - 50
  - dv 12:45 Torn fix no col·locat de meritxell
- - 20
  - albert dx té 2 hores el mateix dia
- - 20
  - maria dx té 2 hores el mateix dia
- - 20
  - davidb dv té 2 hores el mateix dia
- - 20
  - manel dv té 2 hores el mateix dia
- - 20
  - yaiza dv té 2 hores el mateix dia
- - 10
  - albert dx no pot esmorzar
- - 10
  - maria dx no pot esmorzar
cost: 420
log: []
