anaperez: 5.0
joanagomis: 0.0
annap: 0.0
sergivazqu: 2.0
sule: 2.0
meritxell: 2.0
lidia: 0.0
nuriapuigvert: 1.2
montser: 2.0
meritxello: 2.0
melania: 0.0
martafarre: 2.0
erika: 1.6
claran: 0.8
annaserra: 0.0
tanias: 5.0
carmen: 2.0
sergiv: 0.0
martac: 2.0
bernat: 2.0
davidb: 2.0
marcm: 1.6
andrea: 2.0
herminia: 2.0
cire: 2.0
berta: 2.0
yolanda: 2.0
joel: 2.0
cesc: 2.0
adria: 2.0
albertg: 0.0
aram: 2.0
gemma: 0.0
mariabouza: 0.0
carme: 0.0
merce: 2.0
monicag: 0.0
nuria: 2.0
otilia: 0.0
rogerlf: 0.0
eloi: 1.6
roger: 0.0
mar: 2.0
olga: 2.0
annab: 2.0
joanm: 0.0
vane: 2.0
vero: 0.0
albert: 2.0
carol: 0.0
maria: 1.6
jaume: 0.0
joanb: 2.0
maite: 0.0
gabriel: 0.0
mariona: 2.0
reservac: 5.0
reservad: 2.0
vic: 2.0
reservae: 3.0
reservaf: 1.0
judith: 2.0
joan: 0.0
silvia: 0.0
manel: 2.0
tania: 1.6
monica: 0.0
yaiza: 2.0
marta: 0.0
erola: 0.0
judit: 0.8
carles: 0.0
eduard: 0.0
marc: 0.0
