adria: 2
albert: 2
albertg: 0
anaperez: 5
andrea: 2
annab: 2
annap: 0
annaserra: 0
aram: 2
bernat: 2
berta: 2
carles: 0
carme: 0
carmen: 2
carol: 0
cesc: 2
cire: 2
claran: 1
davidb: 2
eduard: 0
eloi: 2
erika: 2
erola: 0
gabriel: 0
gemma: 0
herminia: 2
jaume: 0
joan: 0
joanagomis: 0
joanb: 2
joanm: 0
joel: 2
judit: 1
judith: 2
lidia: 0
maite: 0
manel: 2
mar: 2
marc: 0
marcm: 2
maria: 2
mariabouza: 0
mariona: 2
marta: 0
martac: 2
martafarre: 2
melania: 0
merce: 2
meritxell: 2
meritxello: 2
monica: 0
monicag: 0
montser: 2
nuria: 2
nuriapuigvert: 1
olga: 2
otilia: 0
reservac: 5
reservad: 2
reservae: 3
reservaf: 1
roger: 0
rogerlf: 0
sergiv: 0
sergivazqu: 2
silvia: 0
sule: 2
tania: 2
tanias: 5
vane: 2
vero: 0
vic: 2
yaiza: 2
yolanda: 2
ningu: 2
