adria: 0.0
albert: 0.0
albertg: 0.0
anaperez: 0.0
andrea: 0.0
annab: 0.0
annap: 0.0
annaserra: 0.0
aram: 0.0
bernat: 0.0
berta: 0.0
carles: 0.0
carme: 0.0
carmen: 0.0
carol: 0.0
cesc: 0.0
cire: 0.0
claran: 0.2
davidb: 0.0
eduard: 0.0
eloi: 0.4
erika: 0.4
erola: 0.0
gabriel: 0.0
gemma: 0.0
herminia: 0.0
jaume: 0.0
joan: 0.0
joanagomis: 0.0
joanb: 0.0
joanm: 0.0
joel: 0.0
judit: 0.2
judith: 0.0
lidia: 0.0
maite: 0.0
manel: 0.0
mar: 0.0
marc: 0.0
marcm: 0.4
maria: 0.4
mariabouza: 0.0
mariona: 0.0
marta: 0.0
martac: 0.0
martafarre: 0.0
melania: 0.0
merce: 0.0
meritxell: 0.0
meritxello: 0.0
monica: 0.0
monicag: 0.0
montser: 0.0
nuria: 0.0
nuriapuigvert: -0.2
olga: 0.0
otilia: 0.0
reservac: 0.0
reservad: 0.0
reservae: 0.0
reservaf: 0.0
roger: 0.0
rogerlf: 0.0
sergiv: 0.0
sergivazqu: 0.0
silvia: 0.0
sule: 0.0
tania: 0.4
tanias: 0.0
vane: 0.0
vero: 0.0
vic: 0.0
yaiza: 0.0
yolanda: 0.0
